└── program
   ├── block
   │  ├── "
" (EOL)
   │  ├── statement
   │  │  └── declaration
   │  │     ├── "targets" (ID)
   │  │     ├── "=" (ASSIGN)
   │  │     └── expr
   │  │        └── aexpr
   │  │           └── mexpr
   │  │              └── uexpr
   │  │                 └── eexpr
   │  │                    └── atom
   │  │                       └── quantum_register
   │  │                          ├── "qreg" (QUANTUMREGISTER)
   │  │                          ├── "(" (LBRACKET)
   │  │                          ├── "2" (INT)
   │  │                          └── ")" (RBRACKET)
   │  ├── ";
" (EOL)
   │  ├── statement
   │  │  └── init_stmt
   │  │     ├── "initialize" (INITIALIZE)
   │  │     └── targets
   │  │        └── expr
   │  │           └── aexpr
   │  │              └── mexpr
   │  │                 └── uexpr
   │  │                    └── eexpr
   │  │                       └── atom
   │  │                          └── math_terminal
   │  │                             └── "targets" (ID)
   │  ├── ";
" (EOL)
   │  ├── statement
   │  │  └── declaration
   │  │     ├── "H_rabi" (ID)
   │  │     ├── "=" (ASSIGN)
   │  │     └── expr
   │  │        └── aexpr
   │  │           ├── aexpr
   │  │           │  └── mexpr
   │  │           │     ├── mexpr
   │  │           │     │  └── uexpr
   │  │           │     │     └── eexpr
   │  │           │     │        └── atom
   │  │           │     │           └── math_terminal
   │  │           │     │              └── pexpr
   │  │           │     │                 ├── "(" (LBRACKET)
   │  │           │     │                 ├── aexpr
   │  │           │     │                 │  └── mexpr
   │  │           │     │                 │     ├── mexpr
   │  │           │     │                 │     │  └── uexpr
   │  │           │     │                 │     │     └── eexpr
   │  │           │     │                 │     │        └── atom
   │  │           │     │                 │     │           └── math_terminal
   │  │           │     │                 │     │              └── "0.5" (FLOAT)
   │  │           │     │                 │     ├── "*" (MULT)
   │  │           │     │                 │     └── uexpr
   │  │           │     │                 │        └── eexpr
   │  │           │     │                 │           └── atom
   │  │           │     │                 │              └── math_terminal
   │  │           │     │                 │                 └── "#t" (MATH_VAR)
   │  │           │     │                 └── ")" (RBRACKET)
   │  │           │     ├── "*" (MULT)
   │  │           │     └── uexpr
   │  │           │        └── eexpr
   │  │           │           └── atom
   │  │           │              └── math_terminal
   │  │           │                 └── pexpr
   │  │           │                    ├── "(" (LBRACKET)
   │  │           │                    ├── aexpr
   │  │           │                    │  └── mexpr
   │  │           │                    │     ├── mexpr
   │  │           │                    │     │  └── uexpr
   │  │           │                    │     │     └── eexpr
   │  │           │                    │     │        └── atom
   │  │           │                    │     │           └── operator_terminal
   │  │           │                    │     │              └── pauli_op
   │  │           │                    │     │                 └── "%X" (PAULI_X)
   │  │           │                    │     ├── "@" (AT)
   │  │           │                    │     └── uexpr
   │  │           │                    │        └── eexpr
   │  │           │                    │           └── atom
   │  │           │                    │              └── operator_terminal
   │  │           │                    │                 └── pauli_op
   │  │           │                    │                    └── "%I" (PAULI_I)
   │  │           │                    └── ")" (RBRACKET)
   │  │           ├── "+" (PLUS)
   │  │           └── mexpr
   │  │              ├── mexpr
   │  │              │  └── uexpr
   │  │              │     └── eexpr
   │  │              │        └── atom
   │  │              │           └── math_terminal
   │  │              │              └── "0.5" (FLOAT)
   │  │              ├── "*" (MULT)
   │  │              └── uexpr
   │  │                 └── eexpr
   │  │                    └── atom
   │  │                       └── math_terminal
   │  │                          └── pexpr
   │  │                             ├── "(" (LBRACKET)
   │  │                             ├── aexpr
   │  │                             │  └── mexpr
   │  │                             │     ├── mexpr
   │  │                             │     │  └── uexpr
   │  │                             │     │     └── eexpr
   │  │                             │     │        └── atom
   │  │                             │     │           └── operator_terminal
   │  │                             │     │              └── pauli_op
   │  │                             │     │                 └── "%I" (PAULI_I)
   │  │                             │     ├── "@" (AT)
   │  │                             │     └── uexpr
   │  │                             │        └── eexpr
   │  │                             │           └── atom
   │  │                             │              └── operator_terminal
   │  │                             │                 └── pauli_op
   │  │                             │                    └── "%Y" (PAULI_Y)
   │  │                             └── ")" (RBRACKET)
   │  ├── ";" (EOL)
   │  ├── statement
   │  │  └── declaration
   │  │     ├── "a" (ID)
   │  │     ├── "=" (ASSIGN)
   │  │     └── expr
   │  │        └── aexpr
   │  │           └── mexpr
   │  │              └── uexpr
   │  │                 └── eexpr
   │  │                    └── atom
   │  │                       └── math_terminal
   │  │                          └── "1" (INT)
   │  ├── ";

" (EOL)
   │  ├── statement
   │  │  └── while_stmt
   │  │     ├── "while" (WHILE)
   │  │     ├── "(" (LBRACKET)
   │  │     ├── cond
   │  │     │  └── bool_expr
   │  │     │     ├── bool_expr
   │  │     │     │  └── access
   │  │     │     │     └── "a" (ID)
   │  │     │     ├── bool_lt_op
   │  │     │     │  └── "<" (LT)
   │  │     │     └── bool_expr
   │  │     │        └── atom
   │  │     │           └── math_terminal
   │  │     │              └── "5" (INT)
   │  │     ├── ")" (RBRACKET)
   │  │     ├── ":" (COLON)
   │  │     ├── "
" (EOL)
   │  │     └── block
   │  │        ├── statement
   │  │        │  └── evolve_stmt
   │  │        │     ├── "evolve" (EVOLVE)
   │  │        │     ├── targets
   │  │        │     │  └── expr
   │  │        │     │     └── aexpr
   │  │        │     │        └── mexpr
   │  │        │     │           └── uexpr
   │  │        │     │              └── eexpr
   │  │        │     │                 └── atom
   │  │        │     │                    └── math_terminal
   │  │        │     │                       └── "targets" (ID)
   │  │        │     ├── "with" (WITH)
   │  │        │     ├── expr
   │  │        │     │  └── aexpr
   │  │        │     │     └── mexpr
   │  │        │     │        └── uexpr
   │  │        │     │           └── eexpr
   │  │        │     │              └── atom
   │  │        │     │                 └── math_terminal
   │  │        │     │                    └── "H_rabi" (ID)
   │  │        │     ├── "for" (FOR)
   │  │        │     └── expr
   │  │        │        └── aexpr
   │  │        │           └── mexpr
   │  │        │              └── uexpr
   │  │        │                 └── eexpr
   │  │        │                    └── atom
   │  │        │                       └── math_terminal
   │  │        │                          └── "1.0" (FLOAT)
   │  │        ├── ";
" (EOL)
   │  │        └── statement
   │  │           └── declaration
   │  │              ├── "a" (ID)
   │  │              ├── "=" (ASSIGN)
   │  │              └── expr
   │  │                 └── aexpr
   │  │                    ├── aexpr
   │  │                    │  └── mexpr
   │  │                    │     └── uexpr
   │  │                    │        └── eexpr
   │  │                    │           └── atom
   │  │                    │              └── math_terminal
   │  │                    │                 └── "a" (ID)
   │  │                    ├── "+" (PLUS)
   │  │                    └── mexpr
   │  │                       └── uexpr
   │  │                          └── eexpr
   │  │                             └── atom
   │  │                                └── math_terminal
   │  │                                   └── "1" (INT)
   │  └── ";

" (EOL)
   └── "<EOF>"
